[Licensing::Module] Channel doesn't exist: "LicenseClient-graci"
[Licensing::Module] Successfully launched the LicensingClient (PId: 16908)
[Licensing::Module] Successfully connected to LicensingClient on channel: "LicenseClient-graci" (connect: 1.55s, validation: 0.18s, handshake: 2.72s)
[Licensing::Module] Connected to LicensingClient (PId: 16908, launch time: 0.01, total connection time: 4.45s)
Entitlement-based licensing initiated
[Licensing::Module] Successfully updated the access token ejKgnxmVia6PwqKDFBKaZJB3W-ZOK9Hfl4MsAk-YkVQ004f
[LicensingClient] Licenses updated successfully

LICENSE SYSTEM [2026723 17:26:55] Next license update check is after 2026-07-22T20:25:28


LICENSE SYSTEM [2026723 17:26:55] Current license is already valid and activated. Skipping license activation process (Provided username/password will be ignored).
Built from '2021.1/staging' branch; Version is '2021.1.12f1 (afcadd793de6) revision 11520733'; Using compiler version '192528614'; Build Type 'Release'
OS: 'Windows 10 Pro; OS build 19045.7548; Version 2009; 64bit' Language: 'pt' Physical Memory: 4009 MB
[Licensing::Module] Serial number assigned to: "F4-T68X-Z6N4-WZ72-GJC7-XXXX"
BatchMode: 0, IsHumanControllingUs: 1, StartBugReporterOnCrash: 1, Is64bit: 1, IsPro: 0
[Package Manager] Server::Start -- Port 54506 was selected

 COMMAND LINE ARGUMENTS:
C:\Program Files\Unity\Hub\Editor\2021.1.12f1\Editor\Unity.exe
-projectpath
C:\Users\graci\Downloads\HACKDEBALDI\1.4.3\BALDI
-acceptSoftwareTermsForThisRunOnly
-useHub
-hubIPC
-cloudEnvironment
production
-licensingIpc
LicenseClient-RO7VCpBJHx2DQaktLxH3q
-hubSessionId
ee77774a-3d99-426a-a7fe-a8dad8ab6767
-accessToken
ejKgnxmVia6PwqKDFBKaZJB3W-ZOK9Hfl4MsAk-YkVQ004f
Successfully changed project path to: C:\Users\graci\Downloads\HACKDEBALDI\1.4.3\BALDI
C:/Users/graci/Downloads/HACKDEBALDI/1.4.3/BALDI
Using Asset Import Pipeline V2.
[Package Manager] Restoring resolved packages state from cache
[Package Manager] 
Registered 49 packages:
  Packages from [https://packages.unity.com]:
    com.unity.ads@3.7.1 (location: C:\Users\graci\Downloads\HACKDEBALDI\1.4.3\BALDI\Library\PackageCache\com.unity.ads@3.7.1)
    com.unity.analytics@3.5.3 (location: C:\Users\graci\Downloads\HACKDEBALDI\1.4.3\BALDI\Library\PackageCache\com.unity.analytics@3.5.3)
    com.unity.collab-proxy@1.5.7 (location: C:\Users\graci\Downloads\HACKDEBALDI\1.4.3\BALDI\Library\PackageCache\com.unity.collab-proxy@1.5.7)
    com.unity.ide.rider@3.0.7 (location: C:\Users\graci\Downloads\HACKDEBALDI\1.4.3\BALDI\Library\PackageCache\com.unity.ide.rider@3.0.7)
    com.unity.ide.visualstudio@2.0.9 (location: C:\Users\graci\Downloads\HACKDEBALDI\1.4.3\BALDI\Library\PackageCache\com.unity.ide.visualstudio@2.0.9)
    com.unity.ide.vscode@1.2.3 (location: C:\Users\graci\Downloads\HACKDEBALDI\1.4.3\BALDI\Library\PackageCache\com.unity.ide.vscode@1.2.3)
    com.unity.purchasing@3.2.1 (location: C:\Users\graci\Downloads\HACKDEBALDI\1.4.3\BALDI\Library\PackageCache\com.unity.purchasing@3.2.1)
    com.unity.test-framework@1.1.24 (location: C:\Users\graci\Downloads\HACKDEBALDI\1.4.3\BALDI\Library\PackageCache\com.unity.test-framework@1.1.24)
    com.unity.textmeshpro@3.0.6 (location: C:\Users\graci\Downloads\HACKDEBALDI\1.4.3\BALDI\Library\PackageCache\com.unity.textmeshpro@3.0.6)
    com.unity.timeline@1.5.5 (location: C:\Users\graci\Downloads\HACKDEBALDI\1.4.3\BALDI\Library\PackageCache\com.unity.timeline@1.5.5)
    com.unity.xr.legacyinputhelpers@2.1.7 (location: C:\Users\graci\Downloads\HACKDEBALDI\1.4.3\BALDI\Library\PackageCache\com.unity.xr.legacyinputhelpers@2.1.7)
    com.unity.ext.nunit@1.0.6 (location: C:\Users\graci\Downloads\HACKDEBALDI\1.4.3\BALDI\Library\PackageCache\com.unity.ext.nunit@1.0.6)
    com.unity.nuget.newtonsoft-json@2.0.0 (location: C:\Users\graci\Downloads\HACKDEBALDI\1.4.3\BALDI\Library\PackageCache\com.unity.nuget.newtonsoft-json@2.0.0)
  Built-in packages:
    com.unity.2d.sprite@1.0.0 (location: C:\Users\graci\Downloads\HACKDEBALDI\1.4.3\BALDI\Library\PackageCache\com.unity.2d.sprite@1.0.0)
    com.unity.2d.tilemap@1.0.0 (location: C:\Users\graci\Downloads\HACKDEBALDI\1.4.3\BALDI\Library\PackageCache\com.unity.2d.tilemap@1.0.0)
    com.unity.ugui@1.0.0 (location: C:\Users\graci\Downloads\HACKDEBALDI\1.4.3\BALDI\Library\PackageCache\com.unity.ugui@1.0.0)
    com.unity.modules.ai@1.0.0 (location: C:\Users\graci\Downloads\HACKDEBALDI\1.4.3\BALDI\Library\PackageCache\com.unity.modules.ai@1.0.0)
    com.unity.modules.androidjni@1.0.0 (location: C:\Users\graci\Downloads\HACKDEBALDI\1.4.3\BALDI\Library\PackageCache\com.unity.modules.androidjni@1.0.0)
    com.unity.modules.animation@1.0.0 (location: C:\Users\graci\Downloads\HACKDEBALDI\1.4.3\BALDI\Library\PackageCache\com.unity.modules.animation@1.0.0)
    com.unity.modules.assetbundle@1.0.0 (location: C:\Users\graci\Downloads\HACKDEBALDI\1.4.3\BALDI\Library\PackageCache\com.unity.modules.assetbundle@1.0.0)
    com.unity.modules.audio@1.0.0 (location: C:\Users\graci\Downloads\HACKDEBALDI\1.4.3\BALDI\Library\PackageCache\com.unity.modules.audio@1.0.0)
    com.unity.modules.cloth@1.0.0 (location: C:\Users\graci\Downloads\HACKDEBALDI\1.4.3\BALDI\Library\PackageCache\com.unity.modules.cloth@1.0.0)
    com.unity.modules.director@1.0.0 (location: C:\Users\graci\Downloads\HACKDEBALDI\1.4.3\BALDI\Library\PackageCache\com.unity.modules.director@1.0.0)
    com.unity.modules.imageconversion@1.0.0 (location: C:\Users\graci\Downloads\HACKDEBALDI\1.4.3\BALDI\Library\PackageCache\com.unity.modules.imageconversion@1.0.0)
    com.unity.modules.imgui@1.0.0 (location: C:\Users\graci\Downloads\HACKDEBALDI\1.4.3\BALDI\Library\PackageCache\com.unity.modules.imgui@1.0.0)
    com.unity.modules.jsonserialize@1.0.0 (location: C:\Users\graci\Downloads\HACKDEBALDI\1.4.3\BALDI\Library\PackageCache\com.unity.modules.jsonserialize@1.0.0)
    com.unity.modules.particlesystem@1.0.0 (location: C:\Users\graci\Downloads\HACKDEBALDI\1.4.3\BALDI\Library\PackageCache\com.unity.modules.particlesystem@1.0.0)
    com.unity.modules.physics@1.0.0 (location: C:\Users\graci\Downloads\HACKDEBALDI\1.4.3\BALDI\Library\PackageCache\com.unity.modules.physics@1.0.0)
    com.unity.modules.physics2d@1.0.0 (location: C:\Users\graci\Downloads\HACKDEBALDI\1.4.3\BALDI\Library\PackageCache\com.unity.modules.physics2d@1.0.0)
    com.unity.modules.screencapture@1.0.0 (location: C:\Users\graci\Downloads\HACKDEBALDI\1.4.3\BALDI\Library\PackageCache\com.unity.modules.screencapture@1.0.0)
    com.unity.modules.terrain@1.0.0 (location: C:\Users\graci\Downloads\HACKDEBALDI\1.4.3\BALDI\Library\PackageCache\com.unity.modules.terrain@1.0.0)
    com.unity.modules.terrainphysics@1.0.0 (location: C:\Users\graci\Downloads\HACKDEBALDI\1.4.3\BALDI\Library\PackageCache\com.unity.modules.terrainphysics@1.0.0)
    com.unity.modules.tilemap@1.0.0 (location: C:\Users\graci\Downloads\HACKDEBALDI\1.4.3\BALDI\Library\PackageCache\com.unity.modules.tilemap@1.0.0)
    com.unity.modules.ui@1.0.0 (location: C:\Users\graci\Downloads\HACKDEBALDI\1.4.3\BALDI\Library\PackageCache\com.unity.modules.ui@1.0.0)
    com.unity.modules.uielements@1.0.0 (location: C:\Users\graci\Downloads\HACKDEBALDI\1.4.3\BALDI\Library\PackageCache\com.unity.modules.uielements@1.0.0)
    com.unity.modules.umbra@1.0.0 (location: C:\Users\graci\Downloads\HACKDEBALDI\1.4.3\BALDI\Library\PackageCache\com.unity.modules.umbra@1.0.0)
    com.unity.modules.unityanalytics@1.0.0 (location: C:\Users\graci\Downloads\HACKDEBALDI\1.4.3\BALDI\Library\PackageCache\com.unity.modules.unityanalytics@1.0.0)
    com.unity.modules.unitywebrequest@1.0.0 (location: C:\Users\graci\Downloads\HACKDEBALDI\1.4.3\BALDI\Library\PackageCache\com.unity.modules.unitywebrequest@1.0.0)
    com.unity.modules.unitywebrequestassetbundle@1.0.0 (location: C:\Users\graci\Downloads\HACKDEBALDI\1.4.3\BALDI\Library\PackageCache\com.unity.modules.unitywebrequestassetbundle@1.0.0)
    com.unity.modules.unitywebrequestaudio@1.0.0 (location: C:\Users\graci\Downloads\HACKDEBALDI\1.4.3\BALDI\Library\PackageCache\com.unity.modules.unitywebrequestaudio@1.0.0)
    com.unity.modules.unitywebrequesttexture@1.0.0 (location: C:\Users\graci\Downloads\HACKDEBALDI\1.4.3\BALDI\Library\PackageCache\com.unity.modules.unitywebrequesttexture@1.0.0)
    com.unity.modules.unitywebrequestwww@1.0.0 (location: C:\Users\graci\Downloads\HACKDEBALDI\1.4.3\BALDI\Library\PackageCache\com.unity.modules.unitywebrequestwww@1.0.0)
    com.unity.modules.vehicles@1.0.0 (location: C:\Users\graci\Downloads\HACKDEBALDI\1.4.3\BALDI\Library\PackageCache\com.unity.modules.vehicles@1.0.0)
    com.unity.modules.video@1.0.0 (location: C:\Users\graci\Downloads\HACKDEBALDI\1.4.3\BALDI\Library\PackageCache\com.unity.modules.video@1.0.0)
    com.unity.modules.vr@1.0.0 (location: C:\Users\graci\Downloads\HACKDEBALDI\1.4.3\BALDI\Library\PackageCache\com.unity.modules.vr@1.0.0)
    com.unity.modules.wind@1.0.0 (location: C:\Users\graci\Downloads\HACKDEBALDI\1.4.3\BALDI\Library\PackageCache\com.unity.modules.wind@1.0.0)
    com.unity.modules.xr@1.0.0 (location: C:\Users\graci\Downloads\HACKDEBALDI\1.4.3\BALDI\Library\PackageCache\com.unity.modules.xr@1.0.0)
    com.unity.modules.subsystems@1.0.0 (location: C:\Users\graci\Downloads\HACKDEBALDI\1.4.3\BALDI\Library\PackageCache\com.unity.modules.subsystems@1.0.0)
    com.unity.modules.uielementsnative@1.0.0 (location: C:\Users\graci\Downloads\HACKDEBALDI\1.4.3\BALDI\Library\PackageCache\com.unity.modules.uielementsnative@1.0.0)

[Subsystems] No new subsystems found in resolved package list.
Package Manager log level set to [2]
[Package Manager] Done registering packages in 0.44s seconds
Refreshing native plugins compatible for Editor in 406.54 ms, found 2 plugins.
Preloading 0 native plugins for Editor in 0.00 ms.
Initialize engine version: 2021.1.12f1 (afcadd793de6)
[Subsystems] Discovering subsystems at path C:/Program Files/Unity/Hub/Editor/2021.1.12f1/Editor/Data/Resources/UnitySubsystems
[Subsystems] Discovering subsystems at path C:/Users/graci/Downloads/HACKDEBALDI/1.4.3/BALDI/Assets
GfxDevice: creating device client; threaded=1; jobified=0
Direct3D:
    Version:  Direct3D 11.0 [level 10.1]
    Renderer: Intel(R) HD Graphics 3000 (ID=0x126)
    Vendor:   Intel
    VRAM:     128 MB
    Driver:   9.17.10.4459
Initialize mono
Mono path[0] = 'C:/Program Files/Unity/Hub/Editor/2021.1.12f1/Editor/Data/Managed'
Mono path[1] = 'C:/Program Files/Unity/Hub/Editor/2021.1.12f1/Editor/Data/MonoBleedingEdge/lib/mono/unityjit'
Mono config path = 'C:/Program Files/Unity/Hub/Editor/2021.1.12f1/Editor/Data/MonoBleedingEdge/etc'
Using monoOptions --debugger-agent=transport=dt_socket,embedding=1,server=y,suspend=n,address=127.0.0.1:56704
AcceleratorClientConnectionCallback - disconnected - :0
Begin MonoManager ReloadAssembly
Registering precompiled unity dll's ...
Register platform support module: C:/Program Files/Unity/Hub/Editor/2021.1.12f1/Editor/Data/PlaybackEngines/WindowsStandaloneSupport/UnityEditor.WindowsStandalone.Extensions.dll
Registered in 0.012613 seconds.
Native extension for WindowsStandalone target not found
Refreshing native plugins compatible for Editor in 195.67 ms, found 2 plugins.
Preloading 0 native plugins for Editor in 0.00 ms.
Mono: successfully reloaded assembly
- Completed reload, in 11.172 seconds
Domain Reload Profiling:
	ReloadAssembly (11304ms)
		BeginReloadAssembly (361ms)
			ExecutionOrderSort (0ms)
			DisableScriptedObjects (0ms)
			BackupInstance (0ms)
			ReleaseScriptingObjects (0ms)
			CreateAndSetChildDomain (4ms)
		EndReloadAssembly (2286ms)
			LoadAssemblies (348ms)
			RebuildTransferFunctionScriptingTraits (4ms)
			SetupTypeCache (775ms)
			ReleaseScriptCaches (0ms)
			RebuildScriptCaches (153ms)
			SetupLoadedEditorAssemblies (988ms)
				LogAssemblyErrors (0ms)
				InitializePlatformSupportModulesInManaged (32ms)
				SetLoadedEditorAssemblies (1ms)
				RefreshPlugins (196ms)
				BeforeProcessingInitializeOnLoad (10ms)
				ProcessInitializeOnLoadAttributes (534ms)
				ProcessInitializeOnLoadMethodAttributes (214ms)
				AfterProcessingInitializeOnLoad (0ms)
				EditorAssembliesLoaded (1ms)
			ExecutionOrderSort2 (0ms)
			AwakeInstancesAfterBackupRestoration (0ms)
Platform modules already initialized, skipping
Validating Project structure ... 0.097743 seconds.
Application.AssetDatabase Initial Script Refresh Start
Registering precompiled user dll's ...
Registered in 0.049958 seconds.
Starting: C:\Program Files\Unity\Hub\Editor\2021.1.12f1\Editor\Data\bee_backend.exe --dagfile="Library/Bee/1900b0aE.dag" --profile="Library/Bee/profiler.json" --continue-on-failure --stdin-canary ScriptAssemblies
WorkingDir: C:/Users/graci/Downloads/HACKDEBALDI/1.4.3/BALDI
ExitCode: 0 Duration: 1s473ms
*** Tundra build success (1.26 seconds), 0 items updated, 339 evaluated
AssetDatabase: script compilation time: 2.876803s
Begin MonoManager ReloadAssembly
Native extension for WindowsStandalone target not found
Refreshing native plugins compatible for Editor in 2.28 ms, found 2 plugins.
Preloading 0 native plugins for Editor in 0.00 ms.
Mono: successfully reloaded assembly
- Completed reload, in  6.031 seconds
Domain Reload Profiling:
	ReloadAssembly (6343ms)
		BeginReloadAssembly (693ms)
			ExecutionOrderSort (0ms)
			DisableScriptedObjects (15ms)
			BackupInstance (0ms)
			ReleaseScriptingObjects (0ms)
			CreateAndSetChildDomain (60ms)
		EndReloadAssembly (5394ms)
			LoadAssemblies (446ms)
			RebuildTransferFunctionScriptingTraits (0ms)
			SetupTypeCache (1251ms)
			ReleaseScriptCaches (2ms)
			RebuildScriptCaches (198ms)
			SetupLoadedEditorAssemblies (2642ms)
				LogAssemblyErrors (0ms)
				InitializePlatformSupportModulesInManaged (23ms)
				SetLoadedEditorAssemblies (2ms)
				RefreshPlugins (3ms)
				BeforeProcessingInitializeOnLoad (325ms)
				ProcessInitializeOnLoadAttributes (1779ms)
				ProcessInitializeOnLoadMethodAttributes (443ms)
				AfterProcessingInitializeOnLoad (67ms)
				EditorAssembliesLoaded (1ms)
			ExecutionOrderSort2 (0ms)
			AwakeInstancesAfterBackupRestoration (45ms)
Platform modules already initialized, skipping
RefreshInfo: InitialScriptRefreshV2(NoUpdateAssetOptions) scanfilter:  ... 1 filters
RefreshProfiler: Total: 17294.507ms
	InvokeBeforeRefreshCallbacks: 3.032ms
	ApplyChangesToAssetFolders: 0.261ms
	Scan: 1189.551ms
	OnSourceAssetsModified: 0.002ms
	InitializeImportedAssetsSnapshot: 1.831ms
	GetAllGuidsForCategorization: 1.523ms
	CategorizeAssets: 312.161ms
	ImportAndPostprocessOutOfDateAssets: 15672.895ms (12792.871ms without children)
		CompileScripts: 2877.370ms
		PostProcessAllAssets: 0.002ms
		EnsureUptoDateAssetsAreRegisteredWithGuidPM: 1.135ms
		InitializingProgressBar: 0.078ms
		PostProcessAllAssetNotificationsAddChangedAssets: 1.066ms
		RestoreLoadedAssetsState: 0.374ms
	ReloadSourceAssets: 1.747ms
	UnloadImportedAssets: 0.032ms
	Hotreload: 6.763ms
	FixTempGuids: 0.021ms
	GatherAllCurrentPrimaryArtifactRevisions: 0.001ms
	UnloadStreamsBegin: 3.143ms
	LoadedImportedAssetsSnapshotReleaseGCHandles: 0.102ms
	GetLoadedSourceAssetsSnapshot: 0.642ms
	PersistCurrentRevisions: 5.158ms
	UnloadStreamsEnd: 50.843ms
	GenerateScriptTypeHashes: 0.692ms
	Untracked: 44.800ms
Application.AssetDatabase Initial Script Refresh End
Application.AssetDatabase.Refresh Start
Refresh completed in 0.429260 seconds.
RefreshInfo: RefreshV2(ForceSynchronousImport) scanfilter: 
RefreshProfiler: Total: 428.786ms
	InvokeBeforeRefreshCallbacks: 4.062ms
	ApplyChangesToAssetFolders: 0.278ms
	Scan: 19.075ms
	OnSourceAssetsModified: 0.001ms
	InitializeImportedAssetsSnapshot: 22.103ms
	GetAllGuidsForCategorization: 0.770ms
	CategorizeAssets: 333.983ms
	ImportAndPostprocessOutOfDateAssets: 13.247ms (3.572ms without children)
		PostProcessAllAssets: 0.002ms
		EnsureUptoDateAssetsAreRegisteredWithGuidPM: 1.829ms
		InitializingProgressBar: 0.001ms
		PostProcessAllAssetNotificationsAddChangedAssets: 1.268ms
		OnDemandSchedulerStart: 3.566ms
		RestoreLoadedAssetsState: 3.009ms
	ReloadSourceAssets: 1.129ms
	UnloadImportedAssets: 0.435ms
	Hotreload: 0.067ms
	FixTempGuids: 0.021ms
	GatherAllCurrentPrimaryArtifactRevisions: 0.624ms
	UnloadStreamsBegin: 0.047ms
	LoadedImportedAssetsSnapshotReleaseGCHandles: 2.699ms
	GetLoadedSourceAssetsSnapshot: 4.546ms
	PersistCurrentRevisions: 0.568ms
	UnloadStreamsEnd: 0.049ms
	GenerateScriptTypeHashes: 10.155ms
	Untracked: 25.085ms
Application.AssetDatabase.Refresh End
RefreshInfo: StopAssetImportingV2(ForceSynchronousImport) scanfilter: 
RefreshProfiler: Total: 28.820ms
Refresh completed in 0.384992 seconds.
RefreshInfo: RefreshV2(NoUpdateAssetOptions) scanfilter: 
RefreshProfiler: Total: 384.222ms
	InvokeBeforeRefreshCallbacks: 0.001ms
	ApplyChangesToAssetFolders: 0.226ms
	Scan: 31.192ms
	OnSourceAssetsModified: 0.001ms
	InitializeImportedAssetsSnapshot: 28.289ms
	GetAllGuidsForCategorization: 1.055ms
	CategorizeAssets: 295.170ms
	ImportAndPostprocessOutOfDateAssets: 9.471ms (1.959ms without children)
		PostProcessAllAssets: 0.002ms
		EnsureUptoDateAssetsAreRegisteredWithGuidPM: 2.070ms
		InitializingProgressBar: 0.001ms
		PostProcessAllAssetNotificationsAddChangedAssets: 1.318ms
		OnDemandSchedulerStart: 0.948ms
		RestoreLoadedAssetsState: 3.173ms
	ReloadSourceAssets: 1.644ms
	UnloadImportedAssets: 0.446ms
	Hotreload: 0.133ms
	FixTempGuids: 0.015ms
	GatherAllCurrentPrimaryArtifactRevisions: 0.460ms
	UnloadStreamsBegin: 0.201ms
	LoadedImportedAssetsSnapshotReleaseGCHandles: 2.645ms
	GetLoadedSourceAssetsSnapshot: 4.858ms
	PersistCurrentRevisions: 0.509ms
	UnloadStreamsEnd: 0.042ms
	Untracked: 7.866ms
Launched and connected shader compiler UnityShaderCompiler.exe after 0.27 seconds
Initializing Unity extensions:
Curl error 7: Failed to connect to config.uca.cloud.unity3d.com port 443: Bad access
Curl error 7: Failed to connect to cdp.cloud.unity3d.com port 443: Bad access
LightingSettings: switching bake backend from 1 to 0.
Unloading 198 Unused Serialized files (Serialized files now loaded: 0)
ProgressiveSceneManager::Cancel()
Loaded scene 'Assets/Scene/Scenes/MainMenu.unity'
	Deserialize:            491.238 ms
	Integration:            98.380 ms
	Integration of assets:  26.044 ms
	Thread Wait Time:       1.476 ms
	Total Operation Time:   617.138 ms
System memory in use before: 96.2 MB.
System memory in use after: 95.6 MB.

Unloading 202 unused Assets to reduce memory usage. Loaded Objects now: 3029.
Total: 26.632200 ms (FindLiveObjects: 0.435000 ms CreateObjectMapping: 0.273500 ms MarkObjects: 24.256700 ms  DeleteObjects: 1.660800 ms)

[MODES] ModeService[none].Initialize
[MODES] ModeService[none].LoadModes
[MODES] Loading mode Default (0) for mode-current-id-Baldi's Basics Classic
[LAYOUT] About to load Library/CurrentLayout-default.dwlt, keepMainWindow=False
<RI> Initialized touch support.

<RI> Initialized touch support.

<RI> Initialized touch support.

<RI> Initialized touch support.

<RI> Initialized touch support.

<RI> Initialized touch support.

[MODES] ModeService[default].InitializeCurrentMode
[MODES] ModeService[default].RaiseModeChanged(default, default)
[MODES] ModeService[default].UpdateModeMenus
IsTimeToCheckForNewEditor: Update time 1784835046 current 1784838462
<RI> Initializing input.

<RI> Input initialized.

D3D11 device created for Microsoft Media Foundation video decoding.
[Project] Loading completed in 53.419 seconds
	Project init time: 				5.188 seconds
		Template init time: 		0.000 seconds
		Package Manager init time: 		0.000 seconds
		Asset Database init time: 		0.000 seconds
		Global illumination init time: 	0.000 seconds
		Assemblies load time: 			0.000 seconds
		Unity extensions init time: 	0.003 seconds
		Asset Database refresh time: 	0.000 seconds
	Scene opening time: 			2.806 seconds
EditorUpdateCheck: Failed The requested URL returned error: 404
Curl error 7: Failed to connect to cdp.cloud.unity3d.com port 443: Bad access
[Licensing::Module] Successfully updated access token: "ejKgnxmV"... (expires: 2027-07-23 20:27:44 GMT)
Created GICache directory at C:/Users/graci/AppData/LocalLow/Unity/Caches/GiCache. Took: 0.226s, timestamps: [55.092 - 55.319]
gi::BakeBackendSwitch: switching bake backend from 3 to 0.
Setting up 2 worker threads for Enlighten.
[00:00:05] Enlighten: Builtin Sky manager started.
  Thread -> id: 46dc -> priority: 1 
  Thread -> id: 3de0 -> priority: 1 
TrimDiskCacheJob: Current cache size 0mb
[00:00:05] Enlighten: Finished 1 Bake Ambient Probe job (0.00s execute, 0.00s integrate, 0.22s wallclock)
[Licensing::Module] Successfully updated access token: "ejKgnxmV"... (expires: 2027-07-23 20:27:45 GMT)
Curl error 7: Failed to connect to cdp.cloud.unity3d.com port 443: Bad access
Refresh completed in 0.017538 seconds.
RefreshInfo: RefreshV2(AllowForceSynchronousImport) scanfilter: 
RefreshProfiler: Total: 16.635ms
Refresh completed in 0.034876 seconds.
RefreshInfo: RefreshV2(AllowForceSynchronousImport) scanfilter: 
RefreshProfiler: Total: 33.135ms
Curl error 7: Failed to connect to cdp.cloud.unity3d.com port 443: Bad access
Start ondemand import (priority ImportantBackground): Assets/Scene/Scenes/Results.unity (Guid(fce6f313a000cf34191a2f7ae36ccb4a) Importer(815301076,1909f56bfc062723c751e8b465ee728b))
Opening scene 'Assets/Scene/Scenes/Results.unity'
Unloading 6 Unused Serialized files (Serialized files now loaded: 0)
LightingSettings: switching bake backend from 1 to 0.
Loaded scene 'Assets/Scene/Scenes/Results.unity'
	Deserialize:            11.912 ms
	Integration:            32.704 ms
	Integration of assets:  0.008 ms
	Thread Wait Time:       0.046 ms
	Total Operation Time:   44.671 ms
System memory in use before: 129.1 MB.
System memory in use after: 111.1 MB.

Unloading 122 unused Assets to reduce memory usage. Loaded Objects now: 3280.
Total: 69.111300 ms (FindLiveObjects: 0.771100 ms CreateObjectMapping: 0.385300 ms MarkObjects: 57.387800 ms  DeleteObjects: 10.562400 ms)

[Worker0] Start importing Assets/Scene/Scenes/Results.unity using Guid(fce6f313a000cf34191a2f7ae36ccb4a) Importer(815301076,1909f56bfc062723c751e8b465ee728b) [Worker0]  -> (artifact id: '0421ef4c8c27f54edcd3a987557db70b') in 0.061184 seconds 
Curl error 7: Failed to connect to cdp.cloud.unity3d.com port 443: Bad access
Refresh completed in 0.051977 seconds.
RefreshInfo: RefreshV2(AllowForceSynchronousImport) scanfilter: 
RefreshProfiler: Total: 50.451ms
Curl error 7: Failed to connect to cdp.cloud.unity3d.com port 443: Bad access
Curl error 7: Failed to connect to cdp.cloud.unity3d.com port 443: Bad access
Refresh completed in 0.043252 seconds.
RefreshInfo: RefreshV2(AllowForceSynchronousImport) scanfilter: 
RefreshProfiler: Total: 26.817ms
Refresh completed in 0.030120 seconds.
RefreshInfo: RefreshV2(AllowForceSynchronousImport) scanfilter: 
RefreshProfiler: Total: 13.809ms
Curl error 7: Failed to connect to cdp.cloud.unity3d.com port 443: Bad access
Refresh completed in 0.051405 seconds.
RefreshInfo: RefreshV2(AllowForceSynchronousImport) scanfilter: 
RefreshProfiler: Total: 34.326ms
Start ondemand import (priority ImportantBackground): Assets/AudioClip/BAL_Math_Divided.wav (Guid(1465f201f85838640a21928abd23d330) Importer(815301076,1909f56bfc062723c751e8b465ee728b))
[Worker0] Start importing Assets/AudioClip/BAL_Math_Divided.wav using Guid(1465f201f85838640a21928abd23d330) Importer(815301076,1909f56bfc062723c751e8b465ee728b) [Worker0]  -> (artifact id: 'dbecfa58342663d902fef4d376f09b9d') in 0.443400 seconds 
Start ondemand import (priority ImportantBackground): Packages/com.unity.analytics/Editor/AnalyticsEventTracker icon.png (Guid(5e7c9ab97e5884e4eaa5967e9024f39d) Importer(815301076,1909f56bfc062723c751e8b465ee728b))
[Worker0] Start importing Packages/com.unity.analytics/Editor/AnalyticsEventTracker icon.png using Guid(5e7c9ab97e5884e4eaa5967e9024f39d) Importer(815301076,1909f56bfc062723c751e8b465ee728b) [Worker0]  -> (artifact id: 'f5f74744fc07a9100cfe854e121fd3eb') in 0.117315 seconds 
Curl error 7: Failed to connect to cdp.cloud.unity3d.com port 443: Bad access
Start ondemand import (priority ImportantBackground): Packages/com.unity.collab-proxy/Editor/Collaborate/Assets/Icons/collaborate-progress-dark.png (Guid(60706f973daf4764e81c846ce1a8e183) Importer(815301076,1909f56bfc062723c751e8b465ee728b))
Start ondemand import (priority ImportantBackground): Packages/com.unity.collab-proxy/Editor/Collaborate/Assets/Icons/collaborate-progress-dark@2x.png (Guid(116a8defb66aa304d97c1fd15f044486) Importer(815301076,1909f56bfc062723c751e8b465ee728b))
Start ondemand import (priority ImportantBackground): Packages/com.unity.collab-proxy/Editor/Collaborate/Assets/Icons/collaborate-progress-light.png (Guid(98eea3a123f8b4c468b7e43d0ff3c232) Importer(815301076,1909f56bfc062723c751e8b465ee728b))
Start ondemand import (priority ImportantBackground): Packages/com.unity.collab-proxy/Editor/Collaborate/Assets/Icons/collaborate-progress-light@2x.png (Guid(ae9e7828f0813b04fbe3f839422b2289) Importer(815301076,1909f56bfc062723c751e8b465ee728b))
[Worker0] Start importing Packages/com.unity.collab-proxy/Editor/Collaborate/Assets/Icons/collaborate-progress-dark.png using Guid(60706f973daf4764e81c846ce1a8e183) Importer(815301076,1909f56bfc062723c751e8b465ee728b) [Worker0]  -> (artifact id: 'dfa30b6f957e0db7f1ba5cfe4bffd7d3') in 0.023377 seconds 
[Worker0] Start importing Packages/com.unity.collab-proxy/Editor/Collaborate/Assets/Icons/collaborate-progress-light@2x.png using Guid(ae9e7828f0813b04fbe3f839422b2289) Importer(815301076,1909f56bfc062723c751e8b465ee728b) [Worker0]  -> (artifact id: '0d4c1c2619afb545f505fb2a89a9c428') in 0.030804 seconds 
[Worker0] Start importing Packages/com.unity.collab-proxy/Editor/Collaborate/Assets/Icons/collaborate-progress-light.png using Guid(98eea3a123f8b4c468b7e43d0ff3c232) Importer(815301076,1909f56bfc062723c751e8b465ee728b) [Worker0]  -> (artifact id: 'd48d0745629e61fc3d2330527148b711') in 0.060534 seconds 
[Worker0] Start importing Packages/com.unity.collab-proxy/Editor/Collaborate/Assets/Icons/collaborate-progress-dark@2x.png using Guid(116a8defb66aa304d97c1fd15f044486) Importer(815301076,1909f56bfc062723c751e8b465ee728b) [Worker0]  -> (artifact id: '087297ebfff3d80e746c9887262755f9') in 0.045543 seconds 
Start ondemand import (priority ImportantBackground): Packages/com.unity.test-framework/UnityEditor.TestRunner/CommandLineTest/ResultsWriter.cs (Guid(29d603e0a726a9043b3503112271844a) Importer(815301076,1909f56bfc062723c751e8b465ee728b))
[Worker0] Start importing Packages/com.unity.test-framework/UnityEditor.TestRunner/CommandLineTest/ResultsWriter.cs using Guid(29d603e0a726a9043b3503112271844a) Importer(815301076,1909f56bfc062723c751e8b465ee728b) [Worker0]  -> (artifact id: 'dbd07a14ce3c2e179cebd450e2832f65') in 0.024126 seconds 
Start ondemand import (priority ImportantBackground): Packages/com.unity.test-framework/UnityEditor.TestRunner/TestResultSerializer.cs (Guid(559482fe33c79e44882d3a6cedc55fb5) Importer(815301076,1909f56bfc062723c751e8b465ee728b))
[Worker0] Start importing Packages/com.unity.test-framework/UnityEditor.TestRunner/TestResultSerializer.cs using Guid(559482fe33c79e44882d3a6cedc55fb5) Importer(815301076,1909f56bfc062723c751e8b465ee728b) [Worker0]  -> (artifact id: 'd528d742db9fa767c1803b6d14bfb648') in 0.010424 seconds 
Start ondemand import (priority ImportantBackground): Packages/com.unity.test-framework/UnityEditor.TestRunner/GUI/TestListBuilder/ResultSummarizer.cs (Guid(95a2914724952ef40bb590d0607fc878) Importer(815301076,1909f56bfc062723c751e8b465ee728b))
[Worker0] Start importing Packages/com.unity.test-framework/UnityEditor.TestRunner/GUI/TestListBuilder/ResultSummarizer.cs using Guid(95a2914724952ef40bb590d0607fc878) Importer(815301076,1909f56bfc062723c751e8b465ee728b) [Worker0]  -> (artifact id: '88e17cae26061e93796dc0af65438fa5') in 0.012204 seconds 
Start ondemand import (priority ImportantBackground): Packages/com.unity.test-framework/UnityEditor.TestRunner/CommandLineTest/ResultsSavingCallbacks.cs (Guid(ef563c5a6ecf64d4193dc144cb7d472a) Importer(815301076,1909f56bfc062723c751e8b465ee728b))
[Worker0] Start importing Packages/com.unity.test-framework/UnityEditor.TestRunner/CommandLineTest/ResultsSavingCallbacks.cs using Guid(ef563c5a6ecf64d4193dc144cb7d472a) Importer(815301076,1909f56bfc062723c751e8b465ee728b) [Worker0]  -> (artifact id: '1887bcfeb73f7ae09dfffafab8d06822') in 0.012240 seconds 
Start ondemand import (priority ImportantBackground): Packages/com.unity.test-framework/UnityEngine.TestRunner/TestRunner/Callbacks/RemoteTestResultSender.cs (Guid(20793418366caf14293b29c55df5e9ec) Importer(815301076,1909f56bfc062723c751e8b465ee728b))
[Worker0] Start importing Packages/com.unity.test-framework/UnityEngine.TestRunner/TestRunner/Callbacks/RemoteTestResultSender.cs using Guid(20793418366caf14293b29c55df5e9ec) Importer(815301076,1909f56bfc062723c751e8b465ee728b) [Worker0]  -> (artifact id: '490b5ad47e43b88aa99b8050feef7b33') in 0.006992 seconds 
Curl error 7: Failed to connect to cdp.cloud.unity3d.com port 443: Bad access
Refresh completed in 0.031208 seconds.
RefreshInfo: RefreshV2(AllowForceSynchronousImport) scanfilter: 
RefreshProfiler: Total: 30.203ms
<RI> Initialized touch support.

Curl error 7: Failed to connect to cdp.cloud.unity3d.com port 443: Bad access
Refresh completed in 0.014605 seconds.
RefreshInfo: RefreshV2(AllowForceSynchronousImport) scanfilter: 
RefreshProfiler: Total: 13.982ms
Start ondemand import (priority ImportantBackground): Assets/Scene/Scenes/Warning.unity (Guid(4dcd80b239ef6f24691034d5e6990cbc) Importer(815301076,1909f56bfc062723c751e8b465ee728b))
[Worker0] Start importing Assets/Scene/Scenes/Warning.unity using Guid(4dcd80b239ef6f24691034d5e6990cbc) Importer(815301076,1909f56bfc062723c751e8b465ee728b) [Worker0]  -> (artifact id: 'c7e739276c28abf452fbcdd79a9e7ba3') in 0.022215 seconds 
Opening scene 'Assets/Scene/Scenes/Warning.unity'
Unloading 4 Unused Serialized files (Serialized files now loaded: 0)
LightingSettings: switching bake backend from 1 to 0.
Loaded scene 'Assets/Scene/Scenes/Warning.unity'
	Deserialize:            8.170 ms
	Integration:            37.088 ms
	Integration of assets:  0.862 ms
	Thread Wait Time:       0.092 ms
	Total Operation Time:   46.212 ms
System memory in use before: 112.7 MB.
System memory in use after: 113.0 MB.

Unloading 17 unused Assets to reduce memory usage. Loaded Objects now: 3394.
Total: 41.033200 ms (FindLiveObjects: 0.668500 ms CreateObjectMapping: 0.311500 ms MarkObjects: 39.927500 ms  DeleteObjects: 0.122200 ms)

[00:00:00] Enlighten: Finished 1 Bake Ambient Probe job (0.00s execute, 0.00s integrate, 0.08s wallclock)
Reloading assemblies for play mode.
Begin MonoManager ReloadAssembly
Native extension for WindowsStandalone target not found
Refreshing native plugins compatible for Editor in 48.21 ms, found 2 plugins.
Preloading 0 native plugins for Editor in 0.00 ms.
[MODES] ModeService[none].Initialize
[MODES] ModeService[none].LoadModes
[MODES] Loading mode Default (0) for mode-current-id-Baldi's Basics Classic
Mono: successfully reloaded assembly
- Completed reload, in  5.549 seconds
Domain Reload Profiling:
	ReloadAssembly (5693ms)
		BeginReloadAssembly (472ms)
			ExecutionOrderSort (0ms)
			DisableScriptedObjects (66ms)
			BackupInstance (0ms)
			ReleaseScriptingObjects (0ms)
			CreateAndSetChildDomain (151ms)
		EndReloadAssembly (5039ms)
			LoadAssemblies (374ms)
			RebuildTransferFunctionScriptingTraits (0ms)
			SetupTypeCache (845ms)
			ReleaseScriptCaches (2ms)
			RebuildScriptCaches (146ms)
			SetupLoadedEditorAssemblies (1554ms)
				LogAssemblyErrors (0ms)
				InitializePlatformSupportModulesInManaged (13ms)
				SetLoadedEditorAssemblies (2ms)
				RefreshPlugins (48ms)
				BeforeProcessingInitializeOnLoad (235ms)
				ProcessInitializeOnLoadAttributes (1024ms)
				ProcessInitializeOnLoadMethodAttributes (202ms)
				AfterProcessingInitializeOnLoad (30ms)
				EditorAssembliesLoaded (1ms)
			ExecutionOrderSort2 (0ms)
			AwakeInstancesAfterBackupRestoration (1185ms)
Platform modules already initialized, skipping
The referenced script (Unknown) on this Behaviour is missing!

The referenced script on this Behaviour (Game Object 'EventSystem') is missing!

Loaded scene 'Temp/__Backupscenes/0.backup'
	Deserialize:            3.827 ms
	Integration:            92.946 ms
	Integration of assets:  0.009 ms
	Thread Wait Time:       0.070 ms
	Total Operation Time:   96.852 ms
[MODES] ModeService[default].RefreshMenus
[MODES] ModeService[default].UpdateModeMenus
LightingSettings: switching bake backend from 1 to 0.
Unloading 301 Unused Serialized files (Serialized files now loaded: 0)
UnloadTime: 3.416900 ms
Loaded scene 'Assets/Scene/Scenes/MainMenu.unity'
	Deserialize:            617.870 ms
	Integration:            70.056 ms
	Integration of assets:  35.501 ms
	Thread Wait Time:       77.410 ms
	Total Operation Time:   800.837 ms
System memory in use before: 128.7 MB.
System memory in use after: 128.9 MB.

Unloading 196 unused Assets to reduce memory usage. Loaded Objects now: 4027.
Total: 39.932600 ms (FindLiveObjects: 0.890700 ms CreateObjectMapping: 0.349200 ms MarkObjects: 38.303200 ms  DeleteObjects: 0.384300 ms)

The referenced script (Unknown) on this Behaviour is missing!
UnityEngine.StackTraceUtility:ExtractStackTrace ()
UnityEngine.ResourcesAPI:Load (string,System.Type)
UnityEngine.Resources:Load (string,System.Type)
UnityEngine.Resources:Load<TMPro.TMP_Settings> (string)
TMPro.TMP_Settings:get_instance () (at Library/PackageCache/com.unity.textmeshpro@3.0.6/Scripts/Runtime/TMP_Settings.cs:390)
TMPro.TextMeshProUGUI:Awake () (at Library/PackageCache/com.unity.textmeshpro@3.0.6/Scripts/Runtime/TMPro_UGUI_Private.cs:81)
UnityEngine.Events.InvokableCall`1<bool>:Invoke (bool)
UnityEngine.Events.CachedInvokableCall`1<bool>:Invoke (object[])
UnityEngine.Events.UnityEvent:Invoke ()
UnityEngine.UI.Button:Press () (at Library/PackageCache/com.unity.ugui@1.0.0/Runtime/UI/Core/Button.cs:70)
UnityEngine.UI.Button:OnPointerClick (UnityEngine.EventSystems.PointerEventData) (at Library/PackageCache/com.unity.ugui@1.0.0/Runtime/UI/Core/Button.cs:114)
UnityEngine.EventSystems.ExecuteEvents:Execute (UnityEngine.EventSystems.IPointerClickHandler,UnityEngine.EventSystems.BaseEventData) (at Library/PackageCache/com.unity.ugui@1.0.0/Runtime/EventSystem/ExecuteEvents.cs:57)
UnityEngine.EventSystems.ExecuteEvents:Execute<UnityEngine.EventSystems.IPointerClickHandler> (UnityEngine.GameObject,UnityEngine.EventSystems.BaseEventData,UnityEngine.EventSystems.ExecuteEvents/EventFunction`1<UnityEngine.EventSystems.IPointerClickHandler>) (at Library/PackageCache/com.unity.ugui@1.0.0/Runtime/EventSystem/ExecuteEvents.cs:272)
UnityEngine.EventSystems.StandaloneInputModule:ReleaseMouse (UnityEngine.EventSystems.PointerEventData,UnityEngine.GameObject) (at Library/PackageCache/com.unity.ugui@1.0.0/Runtime/EventSystem/InputModules/StandaloneInputModule.cs:190)
UnityEngine.EventSystems.StandaloneInputModule:ProcessMousePress (UnityEngine.EventSystems.PointerInputModule/MouseButtonEventData) (at Library/PackageCache/com.unity.ugui@1.0.0/Runtime/EventSystem/InputModules/StandaloneInputModule.cs:640)
UnityEngine.EventSystems.StandaloneInputModule:ProcessMouseEvent (int) (at Library/PackageCache/com.unity.ugui@1.0.0/Runtime/EventSystem/InputModules/StandaloneInputModule.cs:546)
UnityEngine.EventSystems.StandaloneInputModule:ProcessMouseEvent () (at Library/PackageCache/com.unity.ugui@1.0.0/Runtime/EventSystem/InputModules/StandaloneInputModule.cs:526)
UnityEngine.EventSystems.StandaloneInputModule:Process () (at Library/PackageCache/com.unity.ugui@1.0.0/Runtime/EventSystem/InputModules/StandaloneInputModule.cs:280)
UnityEngine.EventSystems.EventSystem:Update () (at Library/PackageCache/com.unity.ugui@1.0.0/Runtime/EventSystem/EventSystem.cs:501)

[Library/PackageCache/com.unity.textmeshpro@3.0.6/Scripts/Runtime/TMP_Settings.cs line 390]

The referenced script on this Behaviour (Game Object '<null>') is missing!
UnityEngine.StackTraceUtility:ExtractStackTrace ()
UnityEngine.ResourcesAPI:Load (string,System.Type)
UnityEngine.Resources:Load (string,System.Type)
UnityEngine.Resources:Load<TMPro.TMP_Settings> (string)
TMPro.TMP_Settings:get_instance () (at Library/PackageCache/com.unity.textmeshpro@3.0.6/Scripts/Runtime/TMP_Settings.cs:390)
TMPro.TextMeshProUGUI:Awake () (at Library/PackageCache/com.unity.textmeshpro@3.0.6/Scripts/Runtime/TMPro_UGUI_Private.cs:81)
UnityEngine.Events.InvokableCall`1<bool>:Invoke (bool)
UnityEngine.Events.CachedInvokableCall`1<bool>:Invoke (object[])
UnityEngine.Events.UnityEvent:Invoke ()
UnityEngine.UI.Button:Press () (at Library/PackageCache/com.unity.ugui@1.0.0/Runtime/UI/Core/Button.cs:70)
UnityEngine.UI.Button:OnPointerClick (UnityEngine.EventSystems.PointerEventData) (at Library/PackageCache/com.unity.ugui@1.0.0/Runtime/UI/Core/Button.cs:114)
UnityEngine.EventSystems.ExecuteEvents:Execute (UnityEngine.EventSystems.IPointerClickHandler,UnityEngine.EventSystems.BaseEventData) (at Library/PackageCache/com.unity.ugui@1.0.0/Runtime/EventSystem/ExecuteEvents.cs:57)
UnityEngine.EventSystems.ExecuteEvents:Execute<UnityEngine.EventSystems.IPointerClickHandler> (UnityEngine.GameObject,UnityEngine.EventSystems.BaseEventData,UnityEngine.EventSystems.ExecuteEvents/EventFunction`1<UnityEngine.EventSystems.IPointerClickHandler>) (at Library/PackageCache/com.unity.ugui@1.0.0/Runtime/EventSystem/ExecuteEvents.cs:272)
UnityEngine.EventSystems.StandaloneInputModule:ReleaseMouse (UnityEngine.EventSystems.PointerEventData,UnityEngine.GameObject) (at Library/PackageCache/com.unity.ugui@1.0.0/Runtime/EventSystem/InputModules/StandaloneInputModule.cs:190)
UnityEngine.EventSystems.StandaloneInputModule:ProcessMousePress (UnityEngine.EventSystems.PointerInputModule/MouseButtonEventData) (at Library/PackageCache/com.unity.ugui@1.0.0/Runtime/EventSystem/InputModules/StandaloneInputModule.cs:640)
UnityEngine.EventSystems.StandaloneInputModule:ProcessMouseEvent (int) (at Library/PackageCache/com.unity.ugui@1.0.0/Runtime/EventSystem/InputModules/StandaloneInputModule.cs:546)
UnityEngine.EventSystems.StandaloneInputModule:ProcessMouseEvent () (at Library/PackageCache/com.unity.ugui@1.0.0/Runtime/EventSystem/InputModules/StandaloneInputModule.cs:526)
UnityEngine.EventSystems.StandaloneInputModule:Process () (at Library/PackageCache/com.unity.ugui@1.0.0/Runtime/EventSystem/InputModules/StandaloneInputModule.cs:280)
UnityEngine.EventSystems.EventSystem:Update () (at Library/PackageCache/com.unity.ugui@1.0.0/Runtime/EventSystem/EventSystem.cs:501)

[Library/PackageCache/com.unity.textmeshpro@3.0.6/Scripts/Runtime/TMP_Settings.cs line 390]

The referenced script (Unknown) on this Behaviour is missing!

The referenced script (Unknown) on this Behaviour is missing!

The referenced script (Unknown) on this Behaviour is missing!

The referenced script (Unknown) on this Behaviour is missing!

The referenced script (Unknown) on this Behaviour is missing!

The referenced script (Unknown) on this Behaviour is missing!

The referenced script (Unknown) on this Behaviour is missing!

The referenced script (Unknown) on this Behaviour is missing!

The referenced script on this Behaviour (Game Object 'Text_Fake (0)') is missing!

The referenced script on this Behaviour (Game Object 'TextMeshPro Text') is missing!

The referenced script on this Behaviour (Game Object 'Placeholder') is missing!

The referenced script on this Behaviour (Game Object 'HighScoreText') is missing!

The referenced script on this Behaviour (Game Object 'Text') is missing!

The referenced script on this Behaviour (Game Object 'Text') is missing!

The referenced script on this Behaviour (Game Object 'Text_Fake (1)') is missing!

The referenced script on this Behaviour (Game Object 'TextMeshPro - InputField') is missing!

LightingSettings: switching bake backend from 1 to 0.
Unloading 686 Unused Serialized files (Serialized files now loaded: 0)
UnloadTime: 15.700600 ms
Loaded scene 'Assets/Scene/Scenes/School.unity'
	Deserialize:            5266.456 ms
	Integration:            410.338 ms
	Integration of assets:  43.236 ms
	Thread Wait Time:       843.494 ms
	Total Operation Time:   6563.524 ms
System memory in use before: 287.4 MB.
System memory in use after: 287.9 MB.

Unloading 315 unused Assets to reduce memory usage. Loaded Objects now: 25982.
Total: 77.365900 ms (FindLiveObjects: 4.953500 ms CreateObjectMapping: 0.941100 ms MarkObjects: 67.944300 ms  DeleteObjects: 3.519600 ms)

PlayOneShot was called with a null AudioClip.
UnityEngine.StackTraceUtility:ExtractStackTrace ()
UnityEngine.DebugLogHandler:LogFormat (UnityEngine.LogType,UnityEngine.Object,string,object[])
UnityEngine.Logger:Log (UnityEngine.LogType,object)
UnityEngine.Debug:LogWarning (object)
UnityEngine.AudioSource:PlayOneShot (UnityEngine.AudioClip,single)
UnityEngine.AudioSource:PlayOneShot (UnityEngine.AudioClip)
BaldiScript:Move () (at Assets/MonoScript/BaldiScript.cs:166)
BaldiScript:Update () (at Assets/MonoScript/BaldiScript.cs:83)

(Filename: Assets/MonoScript/BaldiScript.cs Line: 166)

PlayOneShot was called with a null AudioClip.
UnityEngine.StackTraceUtility:ExtractStackTrace ()
UnityEngine.DebugLogHandler:LogFormat (UnityEngine.LogType,UnityEngine.Object,string,object[])
UnityEngine.Logger:Log (UnityEngine.LogType,object)
UnityEngine.Debug:LogWarning (object)
UnityEngine.AudioSource:PlayOneShot (UnityEngine.AudioClip,single)
UnityEngine.AudioSource:PlayOneShot (UnityEngine.AudioClip)
BaldiScript:Move () (at Assets/MonoScript/BaldiScript.cs:166)
BaldiScript:Update () (at Assets/MonoScript/BaldiScript.cs:83)

(Filename: Assets/MonoScript/BaldiScript.cs Line: 166)

PlayOneShot was called with a null AudioClip.
UnityEngine.StackTraceUtility:ExtractStackTrace ()
UnityEngine.DebugLogHandler:LogFormat (UnityEngine.LogType,UnityEngine.Object,string,object[])
UnityEngine.Logger:Log (UnityEngine.LogType,object)
UnityEngine.Debug:LogWarning (object)
UnityEngine.AudioSource:PlayOneShot (UnityEngine.AudioClip,single)
UnityEngine.AudioSource:PlayOneShot (UnityEngine.AudioClip)
BaldiScript:Move () (at Assets/MonoScript/BaldiScript.cs:166)
BaldiScript:Update () (at Assets/MonoScript/BaldiScript.cs:83)

(Filename: Assets/MonoScript/BaldiScript.cs Line: 166)

PlayOneShot was called with a null AudioClip.
UnityEngine.StackTraceUtility:ExtractStackTrace ()
UnityEngine.DebugLogHandler:LogFormat (UnityEngine.LogType,UnityEngine.Object,string,object[])
UnityEngine.Logger:Log (UnityEngine.LogType,object)
UnityEngine.Debug:LogWarning (object)
UnityEngine.AudioSource:PlayOneShot (UnityEngine.AudioClip,single)
UnityEngine.AudioSource:PlayOneShot (UnityEngine.AudioClip)
BaldiScript:Move () (at Assets/MonoScript/BaldiScript.cs:166)
BaldiScript:Update () (at Assets/MonoScript/BaldiScript.cs:83)

(Filename: Assets/MonoScript/BaldiScript.cs Line: 166)

PlayOneShot was called with a null AudioClip.
UnityEngine.StackTraceUtility:ExtractStackTrace ()
UnityEngine.DebugLogHandler:LogFormat (UnityEngine.LogType,UnityEngine.Object,string,object[])
UnityEngine.Logger:Log (UnityEngine.LogType,object)
UnityEngine.Debug:LogWarning (object)
UnityEngine.AudioSource:PlayOneShot (UnityEngine.AudioClip,single)
UnityEngine.AudioSource:PlayOneShot (UnityEngine.AudioClip)
BaldiScript:Move () (at Assets/MonoScript/BaldiScript.cs:166)
BaldiScript:Update () (at Assets/MonoScript/BaldiScript.cs:83)

(Filename: Assets/MonoScript/BaldiScript.cs Line: 166)

PlayOneShot was called with a null AudioClip.
UnityEngine.StackTraceUtility:ExtractStackTrace ()
UnityEngine.DebugLogHandler:LogFormat (UnityEngine.LogType,UnityEngine.Object,string,object[])
UnityEngine.Logger:Log (UnityEngine.LogType,object)
UnityEngine.Debug:LogWarning (object)
UnityEngine.AudioSource:PlayOneShot (UnityEngine.AudioClip,single)
UnityEngine.AudioSource:PlayOneShot (UnityEngine.AudioClip)
BaldiScript:Move () (at Assets/MonoScript/BaldiScript.cs:166)
BaldiScript:Update () (at Assets/MonoScript/BaldiScript.cs:83)

(Filename: Assets/MonoScript/BaldiScript.cs Line: 166)

PlayOneShot was called with a null AudioClip.
UnityEngine.StackTraceUtility:ExtractStackTrace ()
UnityEngine.DebugLogHandler:LogFormat (UnityEngine.LogType,UnityEngine.Object,string,object[])
UnityEngine.Logger:Log (UnityEngine.LogType,object)
UnityEngine.Debug:LogWarning (object)
UnityEngine.AudioSource:PlayOneShot (UnityEngine.AudioClip,single)
UnityEngine.AudioSource:PlayOneShot (UnityEngine.AudioClip)
BaldiScript:Move () (at Assets/MonoScript/BaldiScript.cs:166)
BaldiScript:Update () (at Assets/MonoScript/BaldiScript.cs:83)

(Filename: Assets/MonoScript/BaldiScript.cs Line: 166)

PlayOneShot was called with a null AudioClip.
UnityEngine.StackTraceUtility:ExtractStackTrace ()
UnityEngine.DebugLogHandler:LogFormat (UnityEngine.LogType,UnityEngine.Object,string,object[])
UnityEngine.Logger:Log (UnityEngine.LogType,object)
UnityEngine.Debug:LogWarning (object)
UnityEngine.AudioSource:PlayOneShot (UnityEngine.AudioClip,single)
UnityEngine.AudioSource:PlayOneShot (UnityEngine.AudioClip)
BaldiScript:Move () (at Assets/MonoScript/BaldiScript.cs:166)
BaldiScript:Update () (at Assets/MonoScript/BaldiScript.cs:83)

(Filename: Assets/MonoScript/BaldiScript.cs Line: 166)

PlayOneShot was called with a null AudioClip.
UnityEngine.StackTraceUtility:ExtractStackTrace ()
UnityEngine.DebugLogHandler:LogFormat (UnityEngine.LogType,UnityEngine.Object,string,object[])
UnityEngine.Logger:Log (UnityEngine.LogType,object)
UnityEngine.Debug:LogWarning (object)
UnityEngine.AudioSource:PlayOneShot (UnityEngine.AudioClip,single)
UnityEngine.AudioSource:PlayOneShot (UnityEngine.AudioClip)
BaldiScript:Move () (at Assets/MonoScript/BaldiScript.cs:166)
BaldiScript:Update () (at Assets/MonoScript/BaldiScript.cs:83)

(Filename: Assets/MonoScript/BaldiScript.cs Line: 166)

Curl error 7: Failed to connect to cdp.cloud.unity3d.com port 443: Bad access
Refresh completed in 0.813823 seconds.
RefreshInfo: RefreshV2(AllowForceSynchronousImport) scanfilter: 
RefreshProfiler: Total: 795.088ms
	InvokeBeforeRefreshCallbacks: 11.938ms
	ApplyChangesToAssetFolders: 0.770ms
	Scan: 60.513ms
	OnSourceAssetsModified: 0.003ms
	InitializeImportedAssetsSnapshot: 63.234ms
	GetAllGuidsForCategorization: 3.211ms
	CategorizeAssets: 504.863ms
	ImportAndPostprocessOutOfDateAssets: 42.274ms (16.159ms without children)
		PostProcessAllAssets: 0.003ms
		EnsureUptoDateAssetsAreRegisteredWithGuidPM: 3.750ms
		InitializingProgressBar: 0.001ms
		PostProcessAllAssetNotificationsAddChangedAssets: 2.246ms
		OnDemandSchedulerStart: 2.647ms
		RestoreLoadedAssetsState: 17.467ms
	ReloadSourceAssets: 8.033ms
	UnloadImportedAssets: 1.125ms
	Hotreload: 3.792ms
	FixTempGuids: 0.036ms
	GatherAllCurrentPrimaryArtifactRevisions: 1.597ms
	UnloadStreamsBegin: 1.920ms
	LoadedImportedAssetsSnapshotReleaseGCHandles: 6.211ms
	GetLoadedSourceAssetsSnapshot: 29.099ms
	PersistCurrentRevisions: 1.077ms
	UnloadStreamsEnd: 0.120ms
	GenerateScriptTypeHashes: 14.018ms
	Untracked: 55.270ms
The referenced script (Unknown) on this Behaviour is missing!
UnityEngine.StackTraceUtility:ExtractStackTrace ()
UnityEditor.GameObjectTreeViewDataSource:IsValidHierarchyInstanceID (int)
UnityEditor.GameObjectTreeViewDataSource:RevealItem (int)
UnityEditor.IMGUI.Controls.TreeViewController:Frame (int,bool,bool,bool)
UnityEditor.SceneHierarchy:FrameObjectPrivate (int,bool,bool,bool)
UnityEditor.SceneHierarchy:DoPingRequest ()
UnityEditor.SceneHierarchy:OnGUI (UnityEngine.Rect)
UnityEditor.SceneHierarchyWindow:DoSceneHierarchy ()
UnityEditor.SceneHierarchyWindow:OnGUI ()
UnityEditor.HostView:InvokeOnGUI (UnityEngine.Rect,UnityEngine.Rect)
UnityEditor.DockArea:DrawView (UnityEngine.Rect,UnityEngine.Rect)
UnityEditor.DockArea:OldOnGUI ()
UnityEngine.UIElements.IMGUIContainer:DoOnGUI (UnityEngine.Event,UnityEngine.Matrix4x4,UnityEngine.Rect,bool,UnityEngine.Rect,System.Action,bool)
UnityEngine.UIElements.IMGUIContainer:HandleIMGUIEvent (UnityEngine.Event,UnityEngine.Matrix4x4,UnityEngine.Rect,System.Action,bool)
UnityEngine.UIElements.IMGUIContainer:DoIMGUIRepaint ()
UnityEngine.UIElements.UIR.RenderChainCommand:ExecuteNonDrawMesh (UnityEngine.UIElements.UIR.DrawParams,single,System.Exception&)
UnityEngine.UIElements.UIR.UIRenderDevice:EvaluateChain (UnityEngine.UIElements.UIR.RenderChainCommand,UnityEngine.Material,UnityEngine.Material,UnityEngine.Texture,UnityEngine.Texture,single,Unity.Collections.NativeSlice`1<UnityEngine.UIElements.UIR.Transform3x4>,Unity.Collections.NativeSlice`1<UnityEngine.Vector4>,UnityEngine.MaterialPropertyBlock,bool,System.Exception&)
UnityEngine.UIElements.UIR.RenderChain:Render ()
UnityEngine.UIElements.UIRRepaintUpdater:Update ()
UnityEngine.UIElements.VisualTreeUpdater:UpdateVisualTreePhase (UnityEngine.UIElements.VisualTreeUpdatePhase)
UnityEngine.UIElements.Panel:UpdateForRepaint ()
UnityEngine.UIElements.Panel:Repaint (UnityEngine.Event)
UnityEngine.UIElements.UIElementsUtility:DoDispatch (UnityEngine.UIElements.BaseVisualElementPanel)
UnityEngine.UIElements.UIElementsUtility:UnityEngine.UIElements.IUIElementsUtility.ProcessEvent (int,intptr,bool&)
UnityEngine.UIElements.UIEventRegistration:ProcessEvent (int,intptr)
UnityEngine.UIElements.UIEventRegistration/<>c:<.cctor>b__1_2 (int,intptr)
UnityEngine.GUIUtility:ProcessEvent (int,intptr,bool&)

[C:\buildslave\unity\build\Runtime/Scripting/ManagedReference/SerializableManagedRef.cpp line 198]

The referenced script on this Behaviour (Game Object '<null>') is missing!
UnityEngine.StackTraceUtility:ExtractStackTrace ()
UnityEditor.GameObjectTreeViewDataSource:IsValidHierarchyInstanceID (int)
UnityEditor.GameObjectTreeViewDataSource:RevealItem (int)
UnityEditor.IMGUI.Controls.TreeViewController:Frame (int,bool,bool,bool)
UnityEditor.SceneHierarchy:FrameObjectPrivate (int,bool,bool,bool)
UnityEditor.SceneHierarchy:DoPingRequest ()
UnityEditor.SceneHierarchy:OnGUI (UnityEngine.Rect)
UnityEditor.SceneHierarchyWindow:DoSceneHierarchy ()
UnityEditor.SceneHierarchyWindow:OnGUI ()
UnityEditor.HostView:InvokeOnGUI (UnityEngine.Rect,UnityEngine.Rect)
UnityEditor.DockArea:DrawView (UnityEngine.Rect,UnityEngine.Rect)
UnityEditor.DockArea:OldOnGUI ()
UnityEngine.UIElements.IMGUIContainer:DoOnGUI (UnityEngine.Event,UnityEngine.Matrix4x4,UnityEngine.Rect,bool,UnityEngine.Rect,System.Action,bool)
UnityEngine.UIElements.IMGUIContainer:HandleIMGUIEvent (UnityEngine.Event,UnityEngine.Matrix4x4,UnityEngine.Rect,System.Action,bool)
UnityEngine.UIElements.IMGUIContainer:DoIMGUIRepaint ()
UnityEngine.UIElements.UIR.RenderChainCommand:ExecuteNonDrawMesh (UnityEngine.UIElements.UIR.DrawParams,single,System.Exception&)
UnityEngine.UIElements.UIR.UIRenderDevice:EvaluateChain (UnityEngine.UIElements.UIR.RenderChainCommand,UnityEngine.Material,UnityEngine.Material,UnityEngine.Texture,UnityEngine.Texture,single,Unity.Collections.NativeSlice`1<UnityEngine.UIElements.UIR.Transform3x4>,Unity.Collections.NativeSlice`1<UnityEngine.Vector4>,UnityEngine.MaterialPropertyBlock,bool,System.Exception&)
UnityEngine.UIElements.UIR.RenderChain:Render ()
UnityEngine.UIElements.UIRRepaintUpdater:Update ()
UnityEngine.UIElements.VisualTreeUpdater:UpdateVisualTreePhase (UnityEngine.UIElements.VisualTreeUpdatePhase)
UnityEngine.UIElements.Panel:UpdateForRepaint ()
UnityEngine.UIElements.Panel:Repaint (UnityEngine.Event)
UnityEngine.UIElements.UIElementsUtility:DoDispatch (UnityEngine.UIElements.BaseVisualElementPanel)
UnityEngine.UIElements.UIElementsUtility:UnityEngine.UIElements.IUIElementsUtility.ProcessEvent (int,intptr,bool&)
UnityEngine.UIElements.UIEventRegistration:ProcessEvent (int,intptr)
UnityEngine.UIElements.UIEventRegistration/<>c:<.cctor>b__1_2 (int,intptr)
UnityEngine.GUIUtility:ProcessEvent (int,intptr,bool&)

[C:\buildslave\unity\build\Runtime/Mono/ManagedMonoBehaviourRef.cpp line 334]

Refresh completed in 0.024846 seconds.
RefreshInfo: RefreshV2(AllowForceSynchronousImport) scanfilter: 
RefreshProfiler: Total: 23.692ms
<RI> Initialized touch support.

Curl error 7: Failed to connect to cdp.cloud.unity3d.com port 443: Bad access
Refresh completed in 0.036353 seconds.
RefreshInfo: RefreshV2(AllowForceSynchronousImport) scanfilter: 
RefreshProfiler: Total: 18.373ms
Refresh completed in 0.027574 seconds.
RefreshInfo: RefreshV2(AllowForceSynchronousImport) scanfilter: 
RefreshProfiler: Total: 13.023ms
Refresh completed in 0.032267 seconds.
RefreshInfo: RefreshV2(AllowForceSynchronousImport) scanfilter: 
RefreshProfiler: Total: 31.510ms
Refresh completed in 0.028164 seconds.
RefreshInfo: RefreshV2(AllowForceSynchronousImport) scanfilter: 
RefreshProfiler: Total: 27.111ms
Refresh completed in 0.018273 seconds.
RefreshInfo: RefreshV2(AllowForceSynchronousImport) scanfilter: 
RefreshProfiler: Total: 17.784ms
Refresh completed in 0.026346 seconds.
RefreshInfo: RefreshV2(AllowForceSynchronousImport) scanfilter: 
RefreshProfiler: Total: 25.594ms
Refresh completed in 0.038846 seconds.
RefreshInfo: RefreshV2(AllowForceSynchronousImport) scanfilter: 
RefreshProfiler: Total: 37.701ms
Refresh completed in 0.014619 seconds.
RefreshInfo: RefreshV2(AllowForceSynchronousImport) scanfilter: 
RefreshProfiler: Total: 13.625ms
